step2d.F	poseidon_openacc_kernels.py
zetabc.F	poseidon_openacc_kernels.py
u2dbc.F	poseidon_openacc_kernels.py
v2dbc.F	poseidon_openacc_kernels.py
step3d_t.F	acc_kernels_step3d.py
t3dbc.F	poseidon_openacc_kernels.py
step3d_uv2.F	acc_kernels_step3d.py
step3d_uv1.F	acc_kernels_step3d.py
rhs3d.F	acc_kernels_step3d.py
pre_step3d.F	acc_kernels_step3d.py
u3dbc.F	acc_kernels_step3d.py
v3dbc.F	acc_kernels_step3d.py
uv3dmix.F	acc_kernels_step3d.py
t3dmix.F	acc_kernels_step3d.py
wvlcty.F	acc_kernels_step3d.py
setup_grid1.F	acc_kernels_step3d.py
setup_grid2.F	acc_kernels_step3d.py
set_depth.F	acc_kernels_step3d.py
rho_eos.F	acc_kernels_step3d.py
prsgrd.F	acc_kernels_step3d.py
omega.F	acc_kernels_step3d.py
grid_stiffness.F	acc_kernels_step3d.py
get_stflux.F	acc_kernels_step3d.py
get_vbc.F	acc_kernels_step3d.py
diag.F	acc_kernels_step3d.py
analytical.F	acc_kernels_step3d.py
ana_initial.F	acc_kernels_step3d.py
get_srflux.F	acc_kernels_step3d.py
ana_grid.F	acc_kernels_step3d.py
---copy_to_devices.F	acc_kernels_step3d.py
---exchange_device_host.F	acc_kernels_step3d.py
---init_arrays.F	acc_kernels_step3d.py
io---nf_fread.F	acc_kernels_step3d.py
io---wrt_his.F	acc_kernels_step3d.py
io---wrt_rst.F	acc_kernels_step3d.py
