step2d.no-acc.mpc.loops.mpc.F	poseidon_openacc_kernels.py
zetabc.no-acc.mpc.loops.mpc.F	poseidon_openacc_kernels.py
u2dbc.no-acc.mpc.loops.mpc.F	poseidon_openacc_kernels.py
v2dbc.no-acc.mpc.loops.mpc.F	poseidon_openacc_kernels.py
step3d_t.no-acc.mpc.loops.mpc.F	acc_kernels_step3d.py
t3dbc.no-acc.mpc.loops.mpc.F	poseidon_openacc_kernels.py
step3d_uv2.no-acc.mpc.loops.mpc.F	acc_kernels_step3d.py
step3d_uv1.no-acc.mpc.loops.mpc.F	acc_kernels_step3d.py
rhs3d.no-acc.mpc.loops.mpc.F	acc_kernels_step3d.py
pre_step3d.no-acc.mpc.loops.mpc.F	acc_kernels_step3d.py
u3dbc.no-acc.mpc.loops.mpc.F	acc_kernels_step3d.py
v3dbc.no-acc.mpc.loops.mpc.F	acc_kernels_step3d.py
uv3dmix.no-acc.mpc.loops.mpc.F	acc_kernels_step3d.py
t3dmix.no-acc.mpc.loops.mpc.F	acc_kernels_step3d.py
wvlcty.no-acc.mpc.loops.mpc.F	acc_kernels_step3d.py
setup_grid1.no-acc.mpc.loops.mpc.F	acc_kernels_step3d.py
setup_grid2.no-acc.mpc.loops.mpc.F	acc_kernels_step3d.py
set_depth.no-acc.mpc.loops.mpc.F	acc_kernels_step3d.py
rho_eos.no-acc.mpc.loops.mpc.F	acc_kernels_step3d.py
prsgrd.no-acc.mpc.loops.mpc.F	acc_kernels_step3d.py
omega.no-acc.mpc.loops.mpc.F	acc_kernels_step3d.py
grid_stiffness.no-acc.mpc.loops.mpc.F	acc_kernels_step3d.py
get_stflux.no-acc.mpc.loops.mpc.F	acc_kernels_step3d.py
get_vbc.no-acc.mpc.loops.mpc.F	acc_kernels_step3d.py
diag.no-acc.mpc.loops.mpc.F	acc_kernels_step3d.py
analytical.no-acc.mpc.loops.mpc.F	acc_kernels_step3d.py
ana_initial.no-acc.mpc.loops.mpc.F	acc_kernels_step3d.py
get_srflux.no-acc.mpc.loops.mpc.F	acc_kernels_step3d.py
ana_grid.no-acc.mpc.loops.mpc.F	acc_kernels_step3d.py
---copy_to_devices.no-acc.mpc.loops.mpc.F	acc_kernels_step3d.py
---exchange_device_host.no-acc.mpc.loops.mpc.F	acc_kernels_step3d.py
---init_arrays.no-acc.mpc.loops.mpc.F	acc_kernels_step3d.py
io---nf_fread.no-acc.mpc.loops.mpc.F	acc_kernels_step3d.py
io---wrt_his.no-acc.mpc.loops.mpc.F	acc_kernels_step3d.py
io---wrt_rst.no-acc.mpc.loops.mpc.F	acc_kernels_step3d.py
