step2d_.f	/home/svalat/Projects/croco-psyclone/bench/psyclone-scripts/poseidon_openacc_kernels.py
zetabc_.f	/home/svalat/Projects/croco-psyclone/bench/psyclone-scripts/poseidon_openacc_kernels.py
u2dbc_.f	/home/svalat/Projects/croco-psyclone/bench/psyclone-scripts/poseidon_openacc_kernels.py
v2dbc_.f	/home/svalat/Projects/croco-psyclone/bench/psyclone-scripts/poseidon_openacc_kernels.py
step3d_t_.f	/home/svalat/Projects/croco-psyclone/bench/psyclone-scripts/acc_kernels_step3d.py
t3dbc_.f	/home/svalat/Projects/croco-psyclone/bench/psyclone-scripts/poseidon_openacc_kernels.py
step3d_uv2_.f	/home/svalat/Projects/croco-psyclone/bench/psyclone-scripts/acc_kernels_step3d.py
step3d_uv1_.f	/home/svalat/Projects/croco-psyclone/bench/psyclone-scripts/acc_kernels_step3d.py
rhs3d_.f	/home/svalat/Projects/croco-psyclone/bench/psyclone-scripts/acc_kernels_step3d.py
pre_step3d_.f	/home/svalat/Projects/croco-psyclone/bench/psyclone-scripts/acc_kernels_step3d.py
u3dbc_.f	/home/svalat/Projects/croco-psyclone/bench/psyclone-scripts/acc_kernels_step3d.py
v3dbc_.f	/home/svalat/Projects/croco-psyclone/bench/psyclone-scripts/acc_kernels_step3d.py
uv3dmix_.f	/home/svalat/Projects/croco-psyclone/bench/psyclone-scripts/acc_kernels_step3d.py
t3dmix_.f	/home/svalat/Projects/croco-psyclone/bench/psyclone-scripts/acc_kernels_step3d.py
wvlcty_.f	/home/svalat/Projects/croco-psyclone/bench/psyclone-scripts/acc_kernels_step3d.py
setup_grid1_.f	/home/svalat/Projects/croco-psyclone/bench/psyclone-scripts/acc_kernels_step3d.py
setup_grid2_.f	/home/svalat/Projects/croco-psyclone/bench/psyclone-scripts/acc_kernels_step3d.py
set_depth_.f	/home/svalat/Projects/croco-psyclone/bench/psyclone-scripts/acc_kernels_step3d.py
rho_eos_.f	/home/svalat/Projects/croco-psyclone/bench/psyclone-scripts/acc_kernels_step3d.py
prsgrd_.f	/home/svalat/Projects/croco-psyclone/bench/psyclone-scripts/acc_kernels_step3d.py
omega_.f	/home/svalat/Projects/croco-psyclone/bench/psyclone-scripts/acc_kernels_step3d.py
grid_stiffness_.f	/home/svalat/Projects/croco-psyclone/bench/psyclone-scripts/acc_kernels_step3d.py
get_stflux_.f	/home/svalat/Projects/croco-psyclone/bench/psyclone-scripts/acc_kernels_step3d.py
get_vbc_.f	/home/svalat/Projects/croco-psyclone/bench/psyclone-scripts/acc_kernels_step3d.py
diag_.f	/home/svalat/Projects/croco-psyclone/bench/psyclone-scripts/acc_kernels_step3d.py
analytical_.f	/home/svalat/Projects/croco-psyclone/bench/psyclone-scripts/acc_kernels_step3d.py
ana_initial_.f	/home/svalat/Projects/croco-psyclone/bench/psyclone-scripts/acc_kernels_step3d.py
get_srflux_.f	/home/svalat/Projects/croco-psyclone/bench/psyclone-scripts/acc_kernels_step3d.py
ana_grid_.f	/home/svalat/Projects/croco-psyclone/bench/psyclone-scripts/acc_kernels_step3d.py
---copy_to_devices_.f	/home/svalat/Projects/croco-psyclone/bench/psyclone-scripts/acc_kernels_step3d.py
---exchange_device_host_.f	/home/svalat/Projects/croco-psyclone/bench/psyclone-scripts/acc_kernels_step3d.py
---init_arrays_.f	/home/svalat/Projects/croco-psyclone/bench/psyclone-scripts/acc_kernels_step3d.py
io---nf_fread_.f	/home/svalat/Projects/croco-psyclone/bench/psyclone-scripts/acc_kernels_step3d.py
io---wrt_his_.f	/home/svalat/Projects/croco-psyclone/bench/psyclone-scripts/acc_kernels_step3d.py
io---wrt_rst_.f	/home/svalat/Projects/croco-psyclone/bench/psyclone-scripts/acc_kernels_step3d.py
